Nom: Alice
Âge: 25
Température: 28.5 degrés Celsius
C'est l'été!
Montant total: 120.0
Réduction applicable: 12.0
Âge en mois: 300
Somme de l'âge et de l'âge en mois: 325
