import "std:Format";Environment println does not exist
