Bien le bonjour
Je suis assez relou!
I'm the last one here!
