000
001
002
00
010
011
012
01
020
021
022
02
0
100
101
102
10
110
111
112
11
120
121
122
12
1
200
201
202
20
210
211
212
21
220
221
222
22
2
