Bien le Bonjours voyageur
Bienvenue dans la foret
La foret de IF !!!
Avec son fameux Modulo
Bien le Bonjours voyageur
Bienvenue dans la foret
