Calcul du polyn√¥me 2x^3 + 3x^2 - 5x + 1 :
f(-50) = -242251 : 
f(-49) = -227851 : 
f(-48) = -214033 : 
f(-47) = -200785 : 
f(-46) = -188095 : 
f(-45) = -175951 : 
f(-44) = -164341 : 
f(-43) = -153253 : 
f(-42) = -142675 : 
f(-41) = -132595 : 
f(-40) = -123001 : 
f(-39) = -113881 : 
f(-38) = -105223 : 
f(-37) = -97015 : 
f(-36) = -89245 : 
f(-35) = -81901 : 
f(-34) = -74971 : 
f(-33) = -68443 : 
f(-32) = -62305 : 
f(-31) = -56545 : 
f(-30) = -51151 : 
f(-29) = -46111 : 
f(-28) = -41413 : 
f(-27) = -37045 : 
f(-26) = -32995 : 
f(-25) = -29251 : 
f(-24) = -25801 : 
f(-23) = -22633 : 
f(-22) = -19735 : 
f(-21) = -17095 : 
f(-20) = -14701 : 
f(-19) = -12541 : 
f(-18) = -10603 : 
f(-17) = -8875 : 
f(-16) = -7345 : 
f(-15) = -6001 : 
f(-14) = -4831 : 
f(-13) = -3823 : 
f(-12) = -2965 : 
f(-11) = -2245 : 
f(-10) = -1651 : 
f(-9) = -1171 : 
f(-8) = -793 : 
f(-7) = -505 : 
f(-6) = -295 : 
f(-5) = -151 : 
f(-4) = -61 : 
f(-3) = -13 : 
f(-2) = 5 : ***
f(-1) = 5 : ***
f(0) = -1 : 
f(1) = -1 : 
f(2) = 17 : *********
f(3) = 65 : *********************************
f(4) = 155 : ******************************************************************************
f(5) = 299 : ******************************************************************************************************************************************************
f(6) = 509 : ***************************************************************************************************************************************************************************************************************************************************************
f(7) = 797 : ***************************************************************************************************************************************************************************************************************************************************************************************************************************************************************************************************************
f(8) = 1175 : ************************************************************************************************************************************************************************************************************************************************************************************************************************************************************************************************************************************************************************************************************************************************************************************************************
f(9) = 1655 : ************************************************************************************************************************************************************************************************************************************************************************************************************************************************************************************************************************************************************************************************************************************************************************************************************************************************************************************************************************************************************************************************************************************************************
f(10) = 2249 : *********************************************************************************************************************************************************************************************************************************************************************************************************************************************************************************************************************************************************************************************************************************************************************************************************************************************************************************************************************************************************************************************************************************************************************************************************************************************************************************************************************************************************************************************************************************************************************
####################################################################################################################################################################################
