
fn test()
{
    return 1;
}
int i = test();
print(i);
