Import from standard is working!
Import from local is working!
