Hello World0
Hello World1
Hello World2
Hello World3
Hello World4

