Série de Fibonacci jusqu'à 12 termes:
0, 1, 1, 2, 3, 5, 8, 13, 21, 34, 55, 89