voici un programme, qui affiche un message, avec des virgules, et des points d'exclamations, et des points d'interrogations?!