Nom: Alice
Âge: 25
Température: 28.5 degrés Celsius
C'est l'été!
Montant total: 120.0
Réduction applicable: 12.0
Montant après réduction: 108.0
